// Jest Snapshot v1, https://goo.gl/fbAQLP

exports[`testing NewsFeed feed 1`] = `ShallowWrapper {}`;
