// Jest Snapshot v1, https://goo.gl/fbAQLP

exports[`testing Quake feed 1`] = `ShallowWrapper {}`;
