// Jest Snapshot v1, https://goo.gl/fbAQLP

exports[`testing Twitter feed 1`] = `ShallowWrapper {}`;
