// Jest Snapshot v1, https://goo.gl/fbAQLP

exports[`testing Volcano feed 1`] = `ShallowWrapper {}`;
