// Jest Snapshot v1, https://goo.gl/fbAQLP

exports[`testing Weather feed 1`] = `ShallowWrapper {}`;
