// Jest Snapshot v1, https://goo.gl/fbAQLP

exports[`testing Who feed 1`] = `ShallowWrapper {}`;
